============================= test session starts ==============================
platform darwin -- Python 3.14.3, pytest-9.0.2, pluggy-1.6.0 -- /Library/Frameworks/Python.framework/Versions/3.14/bin/python3.14
cachedir: .pytest_cache
rootdir: /Users/chandankumar/Desktop/openclaw_project
configfile: pyproject.toml
plugins: anyio-4.12.1, respx-0.22.0, cov-7.1.0, langsmith-0.7.6, asyncio-1.3.0, Faker-40.12.0
asyncio: mode=Mode.AUTO, debug=False, asyncio_default_fixture_loop_scope=None, asyncio_default_test_loop_scope=function
collecting ... collected 1 item

tests/e2e/test_main_workflow.py::test_e2e_project_creation_and_agent FAILED [100%]/Library/Frameworks/Python.framework/Versions/3.14/lib/python3.14/site-packages/coverage/report_core.py:107: CoverageWarning: Couldn't parse Python file '/Users/chandankumar/Desktop/openclaw_project/agents/ai_engineer/prompts.py' (couldnt-parse); see https://coverage.readthedocs.io/en/7.13.5/messages.html#warning-couldnt-parse
  coverage._warn(msg, slug="couldnt-parse")
/Library/Frameworks/Python.framework/Versions/3.14/lib/python3.14/site-packages/coverage/report_core.py:107: CoverageWarning: Couldn't parse Python file '/Users/chandankumar/Desktop/openclaw_project/agents/code_review/prompts.py' (couldnt-parse); see https://coverage.readthedocs.io/en/7.13.5/messages.html#warning-couldnt-parse
  coverage._warn(msg, slug="couldnt-parse")
/Library/Frameworks/Python.framework/Versions/3.14/lib/python3.14/site-packages/coverage/report_core.py:107: CoverageWarning: Couldn't parse Python file '/Users/chandankumar/Desktop/openclaw_project/agents/data_engineer/prompts.py' (couldnt-parse); see https://coverage.readthedocs.io/en/7.13.5/messages.html#warning-couldnt-parse
  coverage._warn(msg, slug="couldnt-parse")
/Library/Frameworks/Python.framework/Versions/3.14/lib/python3.14/site-packages/coverage/report_core.py:107: CoverageWarning: Couldn't parse Python file '/Users/chandankumar/Desktop/openclaw_project/agents/devops_engineer/prompts.py' (couldnt-parse); see https://coverage.readthedocs.io/en/7.13.5/messages.html#warning-couldnt-parse
  coverage._warn(msg, slug="couldnt-parse")
/Library/Frameworks/Python.framework/Versions/3.14/lib/python3.14/site-packages/coverage/report_core.py:107: CoverageWarning: Couldn't parse Python file '/Users/chandankumar/Desktop/openclaw_project/agents/documentation/prompts.py' (couldnt-parse); see https://coverage.readthedocs.io/en/7.13.5/messages.html#warning-couldnt-parse
  coverage._warn(msg, slug="couldnt-parse")
/Library/Frameworks/Python.framework/Versions/3.14/lib/python3.14/site-packages/coverage/report_core.py:107: CoverageWarning: Couldn't parse Python file '/Users/chandankumar/Desktop/openclaw_project/agents/evaluation/prompts.py' (couldnt-parse); see https://coverage.readthedocs.io/en/7.13.5/messages.html#warning-couldnt-parse
  coverage._warn(msg, slug="couldnt-parse")
/Library/Frameworks/Python.framework/Versions/3.14/lib/python3.14/site-packages/coverage/report_core.py:107: CoverageWarning: Couldn't parse Python file '/Users/chandankumar/Desktop/openclaw_project/agents/observability_agent/prompts.py' (couldnt-parse); see https://coverage.readthedocs.io/en/7.13.5/messages.html#warning-couldnt-parse
  coverage._warn(msg, slug="couldnt-parse")
/Library/Frameworks/Python.framework/Versions/3.14/lib/python3.14/site-packages/coverage/report_core.py:107: CoverageWarning: Couldn't parse Python file '/Users/chandankumar/Desktop/openclaw_project/agents/qa_engineer/prompts.py' (couldnt-parse); see https://coverage.readthedocs.io/en/7.13.5/messages.html#warning-couldnt-parse
  coverage._warn(msg, slug="couldnt-parse")
/Library/Frameworks/Python.framework/Versions/3.14/lib/python3.14/site-packages/coverage/report_core.py:107: CoverageWarning: Couldn't parse Python file '/Users/chandankumar/Desktop/openclaw_project/agents/security_engineer/prompts.py' (couldnt-parse); see https://coverage.readthedocs.io/en/7.13.5/messages.html#warning-couldnt-parse
  coverage._warn(msg, slug="couldnt-parse")
/Library/Frameworks/Python.framework/Versions/3.14/lib/python3.14/site-packages/coverage/report_core.py:107: CoverageWarning: Couldn't parse Python file '/Users/chandankumar/Desktop/openclaw_project/agents/solution_architect/prompts.py' (couldnt-parse); see https://coverage.readthedocs.io/en/7.13.5/messages.html#warning-couldnt-parse
  coverage._warn(msg, slug="couldnt-parse")


=================================== FAILURES ===================================
_____________________ test_e2e_project_creation_and_agent ______________________
/Library/Frameworks/Python.framework/Versions/3.14/lib/python3.14/_py_warnings.py:856: in _warn_unawaited_coroutine
    _wm.warn(
E   RuntimeWarning: coroutine 'EventBus.publish' was never awaited

The above exception was the direct cause of the following exception:
/Library/Frameworks/Python.framework/Versions/3.14/lib/python3.14/site-packages/_pytest/runner.py:353: in from_call
    result: TResult | None = func()
                             ^^^^^^
/Library/Frameworks/Python.framework/Versions/3.14/lib/python3.14/site-packages/_pytest/runner.py:245: in <lambda>
    lambda: runtest_hook(item=item, **kwds),
            ^^^^^^^^^^^^^^^^^^^^^^^^^^^^^^^
/Library/Frameworks/Python.framework/Versions/3.14/lib/python3.14/site-packages/pluggy/_hooks.py:512: in __call__
    return self._hookexec(self.name, self._hookimpls.copy(), kwargs, firstresult)
           ^^^^^^^^^^^^^^^^^^^^^^^^^^^^^^^^^^^^^^^^^^^^^^^^^^^^^^^^^^^^^^^^^^^^^^
/Library/Frameworks/Python.framework/Versions/3.14/lib/python3.14/site-packages/pluggy/_manager.py:120: in _hookexec
    return self._inner_hookexec(hook_name, methods, kwargs, firstresult)
           ^^^^^^^^^^^^^^^^^^^^^^^^^^^^^^^^^^^^^^^^^^^^^^^^^^^^^^^^^^^^^
/Library/Frameworks/Python.framework/Versions/3.14/lib/python3.14/site-packages/_pytest/logging.py:850: in pytest_runtest_call
    yield
/Library/Frameworks/Python.framework/Versions/3.14/lib/python3.14/site-packages/pluggy/_callers.py:53: in run_old_style_hookwrapper
    return result.get_result()
           ^^^^^^^^^^^^^^^^^^^
/Library/Frameworks/Python.framework/Versions/3.14/lib/python3.14/site-packages/pluggy/_callers.py:38: in run_old_style_hookwrapper
    res = yield
          ^^^^^
/Library/Frameworks/Python.framework/Versions/3.14/lib/python3.14/site-packages/_pytest/capture.py:900: in pytest_runtest_call
    return (yield)
            ^^^^^
/Library/Frameworks/Python.framework/Versions/3.14/lib/python3.14/site-packages/pluggy/_callers.py:53: in run_old_style_hookwrapper
    return result.get_result()
           ^^^^^^^^^^^^^^^^^^^
/Library/Frameworks/Python.framework/Versions/3.14/lib/python3.14/site-packages/pluggy/_callers.py:38: in run_old_style_hookwrapper
    res = yield
          ^^^^^
/Library/Frameworks/Python.framework/Versions/3.14/lib/python3.14/site-packages/_pytest/skipping.py:268: in pytest_runtest_call
    return (yield)
            ^^^^^
/Library/Frameworks/Python.framework/Versions/3.14/lib/python3.14/site-packages/_pytest/unraisableexception.py:158: in pytest_runtest_call
    collect_unraisable(item.config)
/Library/Frameworks/Python.framework/Versions/3.14/lib/python3.14/site-packages/_pytest/unraisableexception.py:79: in collect_unraisable
    raise errors[0]
/Library/Frameworks/Python.framework/Versions/3.14/lib/python3.14/site-packages/_pytest/unraisableexception.py:67: in collect_unraisable
    warnings.warn(pytest.PytestUnraisableExceptionWarning(msg))
E   pytest.PytestUnraisableExceptionWarning: Exception ignored while finalizing coroutine <coroutine object EventBus.publish at 0x10b4ba0e0>: None
================================ tests coverage ================================
_______________ coverage: platform darwin, python 3.14.3-final-0 _______________

Name                                              Stmts   Miss Branch BrPart  Cover   Missing
---------------------------------------------------------------------------------------------
agents/__init__.py                                    0      0      0      0   100%
agents/ai_engineer/__init__.py                        2      2      0      0     0%   1-3
agents/ai_engineer/agent.py                           6      6      0      0     0%   1-10
agents/ai_engineer/tools.py                           6      6      0      0     0%   1-11
agents/backend_engineer/__init__.py                   2      2      0      0     0%   1-3
agents/backend_engineer/agent.py                      6      6      0      0     0%   1-10
agents/backend_engineer/prompts.py                    1      1      0      0     0%   1
agents/backend_engineer/tools.py                      5      5      0      0     0%   1-11
agents/base/__init__.py                               0      0      0      0   100%
agents/base/agent.py                                 59     59      2      0     0%   1-96
agents/base/communication.py                         21     21      0      0     0%   1-34
agents/base/memory.py                                12     12      0      0     0%   1-18
agents/base/observability.py                         18     18      2      0     0%   1-21
agents/base/tools.py                                 32     32      0      0     0%   1-69
agents/code_review/__init__.py                        2      2      0      0     0%   1-3
agents/code_review/agent.py                           6      6      0      0     0%   1-10
agents/code_review/tools.py                           6      6      0      0     0%   1-11
agents/data_engineer/__init__.py                      2      2      0      0     0%   1-3
agents/data_engineer/agent.py                         6      6      0      0     0%   1-10
agents/data_engineer/tools.py                         6      6      0      0     0%   1-11
agents/devops_engineer/__init__.py                    2      2      0      0     0%   1-3
agents/devops_engineer/agent.py                       6      6      0      0     0%   1-10
agents/devops_engineer/tools.py                       6      6      0      0     0%   1-11
agents/documentation/__init__.py                      2      2      0      0     0%   1-3
agents/documentation/agent.py                         6      6      0      0     0%   1-10
agents/documentation/tools.py                         5      5      0      0     0%   1-11
agents/evaluation/__init__.py                         2      2      0      0     0%   1-3
agents/evaluation/agent.py                            6      6      0      0     0%   1-10
agents/evaluation/tools.py                            4      4      0      0     0%   1-11
agents/frontend_engineer/__init__.py                  2      2      0      0     0%   1-3
agents/frontend_engineer/agent.py                     6      6      0      0     0%   1-10
agents/frontend_engineer/prompts.py                   1      1      0      0     0%   1
agents/frontend_engineer/tools.py                     6      6      0      0     0%   1-11
agents/observability_agent/__init__.py                2      2      0      0     0%   1-3
agents/observability_agent/agent.py                   6      6      0      0     0%   1-10
agents/observability_agent/tools.py                   6      6      0      0     0%   1-11
agents/orchestrator/__init__.py                       2      2      0      0     0%   1-3
agents/orchestrator/agent.py                          9      9      0      0     0%   1-24
agents/orchestrator/graph.py                         22     22      0      0     0%   1-63
agents/orchestrator/nodes.py                         40     40      2      0     0%   1-70
agents/orchestrator/prompts.py                        0      0      0      0   100%
agents/orchestrator/state.py                          2      2      0      0     0%   1-3
agents/orchestrator/tools.py                         10     10      0      0     0%   1-19
agents/product_manager/__init__.py                    2      2      0      0     0%   1-3
agents/product_manager/agent.py                       6      6      0      0     0%   1-10
agents/product_manager/prompts.py                     1      1      0      0     0%   1
agents/product_manager/tools.py                       6      6      0      0     0%   1-11
agents/qa_engineer/__init__.py                        2      2      0      0     0%   1-3
agents/qa_engineer/agent.py                           6      6      0      0     0%   1-10
agents/qa_engineer/tools.py                           5      5      0      0     0%   1-11
agents/research/__init__.py                           2      2      0      0     0%   1-3
agents/research/agent.py                              6      6      0      0     0%   1-10
agents/research/prompts.py                            1      1      0      0     0%   1
agents/research/sources.py                            1      1      0      0     0%   2
agents/research/tools.py                              6      6      0      0     0%   1-11
agents/security_engineer/__init__.py                  2      2      0      0     0%   1-3
agents/security_engineer/agent.py                     6      6      0      0     0%   1-10
agents/security_engineer/tools.py                     6      6      0      0     0%   1-11
agents/solution_architect/__init__.py                 2      2      0      0     0%   1-3
agents/solution_architect/agent.py                    6      6      0      0     0%   1-11
agents/solution_architect/tools.py                    5      5      0      0     0%   1-11
backend/__init__.py                                   0      0      0      0   100%
backend/agents/__init__.py                            0      0      0      0   100%
backend/config.py                                    20      1      0      0    95%   26
backend/database/__init__.py                          0      0      0      0   100%
backend/database/models.py                          106      0      0      0   100%
backend/database/repositories/__init__.py             0      0      0      0   100%
backend/database/repositories/agent_run_repo.py      36     24      4      0    30%   8, 11-15, 18-21, 24-28, 31-43, 46-53, 56-60
backend/database/repositories/artifact_repo.py       32     20      2      0    35%   8, 11-15, 18-21, 24-25, 30-34, 37-44, 47-51
backend/database/repositories/project_repo.py        27     16      0      0    41%   8, 11-15, 18-21, 24-25, 28-32, 35-39
backend/database/repositories/task_repo.py           30     19      2      0    34%   8, 11-15, 18-21, 24-28, 31-38, 41-45
backend/database/repositories/workflow_repo.py       27     16      0      0    41%   8, 11-15, 18-21, 24-25, 28-35, 38-42
backend/database/session.py                          14      3      0      0    79%   27-29
backend/dependencies.py                              15      3      2      0    71%   16, 19-20
backend/main.py                                      32      0      0      0   100%
backend/memory/__init__.py                            0      0      0      0   100%
backend/memory/memory_manager.py                     76     76     10      0     0%   6-208
backend/middleware/__init__.py                        0      0      0      0   100%
backend/middleware/auth.py                           14      3      4      2    72%   9, 20-21
backend/middleware/cors.py                            5      0      0      0   100%
backend/middleware/rate_limit.py                     18      2      4      1    86%   22-23
backend/middleware/tracing.py                        12      0      0      0   100%
backend/models/__init__.py                            0      0      0      0   100%
backend/models/domain.py                             31      0      0      0   100%
backend/models/events.py                             17     17      0      0     0%   1-27
backend/models/requests.py                            7      0      0      0   100%
backend/models/responses.py                          16      0      0      0   100%
backend/routers/__init__.py                           0      0      0      0   100%
backend/routers/agents.py                            20      6      0      0    70%   16, 20, 24-26, 31
backend/routers/artifacts.py                         30     15      4      0    44%   13-14, 18-22, 26-28, 32-37
backend/routers/evaluations.py                       14      3      0      0    79%   13, 17, 21
backend/routers/memory.py                            11      2      0      0    82%   19, 23
backend/routers/projects.py                          56     24     12      2    50%   24, 29->31, 36-38, 42-46, 54-58, 62-65, 73-79
backend/routers/tasks.py                             28     14      4      0    44%   14-16, 20-24, 32-38
backend/routers/websocket.py                         33     18      4      0    41%   15-16, 19-20, 23-26, 33-49
backend/routers/workflows.py                         25     11      2      0    52%   14-16, 20-24, 28-30
backend/services/__init__.py                          0      0      0      0   100%
backend/services/cache_service.py                    91     91     20      0     0%   5-149
backend/services/llm_service.py                      79     79     22      0     0%   6-220
backend/services/vector_store.py                    101    101     26      0     0%   5-208
memory/__init__.py                                    0      0      0      0   100%
memory/embeddings.py                                 24     24      0      0     0%   1-34
memory/memory_manager.py                             31     31      0      0     0%   1-44
memory/postgres_memory.py                            38     38      0      0     0%   1-63
memory/qdrant_memory.py                              34     34      4      0     0%   1-60
memory/redis_memory.py                               37     37      4      0     0%   1-44
openclaw_mcp/__init__.py                              0      0      0      0   100%
openclaw_mcp/config.py                                5      5      0      0     0%   1-7
openclaw_mcp/permissions/__init__.py                  0      0      0      0   100%
openclaw_mcp/permissions/access_control.py            3      3      0      0     0%   1-4
openclaw_mcp/servers/__init__.py                      0      0      0      0   100%
openclaw_mcp/servers/browser_server.py                1      1      0      0     0%   1
openclaw_mcp/servers/docker_server.py                62     62     16      0     0%   1-92
openclaw_mcp/servers/filesystem_server.py             1      1      0      0     0%   1
openclaw_mcp/servers/github_server.py                 1      1      0      0     0%   1
openclaw_mcp/servers/k8s_server.py                   84     84     22      0     0%   1-128
openclaw_mcp/servers/openclaw_server.py              33     33      0      0     0%   1-78
openclaw_mcp/servers/postgres_server.py               1      1      0      0     0%   1
openclaw_mcp/servers/qdrant_server.py                 1      1      0      0     0%   1
openclaw_mcp/servers/redis_server.py                  1      1      0      0     0%   1
openclaw_mcp/servers/shell_server.py                  1      1      0      0     0%   1
orchestrator/__init__.py                              2      2      0      0     0%   2-4
orchestrator/engine.py                               14     14      2      0     0%   1-27
orchestrator/graphs/__init__.py                       0      0      0      0   100%
orchestrator/graphs/full_build.py                    56     56      2      0     0%   1-114
orchestrator/graphs/incremental_build.py              8      8      0      0     0%   1-10
orchestrator/state/__init__.py                        0      0      0      0   100%
orchestrator/state/checkpointer.py                   33     33      2      0     0%   1-54
orchestrator/state/workflow_state.py                  2      2      0      0     0%   2-4
services/__init__.py                                  0      0      0      0   100%
services/agent_metrics.py                            13     13      2      0     0%   1-27
services/architecture_guard.py                       14     14      4      0     0%   1-31
services/artifact_storage.py                         15     15      0      0     0%   1-24
services/artifact_store.py                           47     47      4      0     0%   1-64
services/evaluation.py                               11     11      0      0     0%   1-39
services/event_bus.py                                58     39     14      1    28%   21, 24-34, 37-39, 44-54, 57-74
services/git_governance.py                           17     17      0      0     0%   1-27
services/llm_service.py                              25     25      0      0     0%   1-45
services/mcp_client_manager.py                       59     59      8      0     0%   1-88
services/notification_service.py                     28     28      6      0     0%   1-34
services/retry_strategy.py                           29     29      4      0     0%   1-40
services/semantic_cache.py                           32     32      4      0     0%   1-59
services/task_queue.py                               37     20      2      0    44%   22-26, 29-43, 46-48
workflows/__init__.py                                 0      0      0      0   100%
workflows/validators/__init__.py                      0      0      0      0   100%
workflows/validators/dag_validator.py                 2      2      0      0     0%   1-6
---------------------------------------------------------------------------------------------
TOTAL                                              2305   1810    228      6    20%
Coverage HTML written to dir reports/coverage
=========================== short test summary info ============================
FAILED tests/e2e/test_main_workflow.py::test_e2e_project_creation_and_agent - pytest.PytestUnraisableExceptionWarning: Exception ignored while finalizing coroutine <coroutine object EventBus.publish at 0x10b4ba0e0>: None
============================== 1 failed in 0.63s ===============================
